AREA .  .ABS.
	RADIX HEX
	BASE 0000
	SIZE 0000
	ATTRIB ABS OVR
	GLOBALS
		l__HEAP	0000
		l__BSEG	0000
		l_.  .ABS.	0000
		l__GSFINAL	0000
		l__ISEG	0000
		s_.  .ABS.	0000
		s__HEADER	0000
		l__XSEG	0000
		.init	0000
		l__OVERLAY	0000
		l__LIT	0000
		s__SFR	0000
		l__GSINITTAIL	0001
		l__BSS	0087
		l__HEADER	01EB
		s__CODE	0200
		l__HOME	04AF
		l__DATA	05F8
		l__BASE	10E6
		l__CODE	193D
		s__HOME	1B3D
		s__BASE	1FEC
		l__GSINIT	23AA
		s__LIT	30D2
		s__GSINIT	30D2
		s__GSINITTAIL	547C
		s__GSFINAL	547D
		.OAM	C000
		s__DATA	C0A0
		s__BSS	C698
		s__HEAP	C71F
		s__BSEG	C71F
		s__ISEG	C71F
		s__XSEG	C71F
		s__OVERLAY	C71F
		.STACK	E000
		.refresh_OAM	FF80
		l__SFR	10000
AREA _CODE
	RADIX HEX
	BASE 0200
	SIZE 193D
	ATTRIB REL CON
	GLOBALS
		_performantdelay	0200
		_logo_data	0214
		_logo_map	0774
		_blankmap	08DC
		_playsound	08DD
		_canplayermove	08F7
		_animatesprite	0E3B
		_fadeout	0EE3
		_fadein	0F38
		_animatebackground	0F83
		_main	0F84
		_putchar	13CC
		_setchar	13D5
		_gotoxy	13DE
		_posx	13E9
		_posy	13FA
		.adv_gcurs	140B
		.circle	1428
		.horlin	14CB
		.verlin	1503
		.circplot	155F
		.box	15DD
		.line	16B3
		.xonly	17D4
		.yonly	1923
		.plot	1944
		.wrbyte	1961
		.getpix	19E3
		.wrtchr	1A18
		_gotogxy	1A7C
		_wrtchr	1A87
		_getpix	1A9C
		_color	1AA8
		_circle	1AB7
		_box	1AD1
		_line	1AF5
		_plot_point	1B0D
		_plot	1B21
AREA _HEADER
	RADIX HEX
	BASE 0000
	SIZE 01EB
	ATTRIB ABS OVR
	GLOBALS
		_exit	01D2
AREA _HOME
	RADIX HEX
	BASE 1B3D
	SIZE 04AF
	ATTRIB REL CON
	GLOBALS
		.set_mode	1B3D
		.remove_VBL	1B4D
		.remove_LCD	1B53
		.remove_TIM	1B59
		.remove_SIO	1B5F
		.remove_JOY	1B65
		.add_VBL	1B6B
		.add_LCD	1B71
		.add_TIM	1B77
		.add_SIO	1B7D
		.add_JOY	1B83
		.remove_int	1B89
		.add_int	1BA9
		.wait_vbl_done	1BC5
		_wait_vbl_done	1BC5
		_display_off	1BDC
		.display_off	1BDC
		.serial_IO	1BFD
		_mode	1C2C
		_get_mode	1C35
		_enable_interrupts	1C3A
		_disable_interrupts	1C3C
		_reset	1C3E
		.reset	1C3E
		_set_interrupts	1C44
		_remove_VBL	1C4F
		_remove_LCD	1C5A
		_remove_TIM	1C65
		_remove_SIO	1C70
		_remove_JOY	1C7B
		_add_VBL	1C86
		_add_LCD	1C91
		_add_TIM	1C9C
		_add_SIO	1CA7
		_add_JOY	1CB2
		_clock	1CBD
		__printTStates	1CC6
		banked_call	1CC7
		banked_ret	1CE0
		_printf	1CE9
		_sprintf	1D18
AREA _BASE
	RADIX HEX
	BASE 1FEC
	SIZE 10E6
	ATTRIB REL CON
	GLOBALS
		.padup	1FEC
		_waitpadup	1FEC
		.jpad	1FFC
		.wait_pad	2029
		_joypad	2030
		_waitpad	2035
		.mv_sprite	203F
		_move_sprite	204E
		__mulschar	205B
		__muluchar	205B
		__mulsint	2067
		__muluint	2067
		.mulu16	207B
		.mul16	207B
		_set_win_data	2091
		_set_bkg_data	2091
		_set_sprite_data	20DE
		.scroll_sprite	210D
		_scroll_sprite	211E
		.set_sprite_tile	212B
		_set_sprite_tile	2138
		__modslong	2143
		__divslong	2143
		__mulslong	2143
		__divschar	2144
		__modschar	2150
		__divsint	215B
		__modsint	216C
		__divuchar	217B
		__moduchar	2187
		__divuint	2192
		__moduint	21A3
		.mod8	21B2
		.div8	21B2
		.mod16	21BA
		.div16	21BA
		.modu8	21F0
		.divu8	21F0
		.modu16	21F3
		.divu16	21F3
		.copy_vram	2230
		_get_data	223F
		_set_data	223F
		_set_bkg_tiles	2252
		font_copy_uncompressed	2266
		font_copy_compressed	229C
		font_load	22F1
		font_copy_current	2339
		font_set	2381
		.put_char	238E
		.out_char	23A7
		.del_char	23AE
		_font_load	2409
		_font_set	2417
		_font_init	2426
		_cls	2448
		.cls	2448
		.cr_curs	247A
		.adv_curs	248F
		.tmode	24EB
		.tmode_out	2514
		_font_load_ibm_fixed	2524
		_font_ibm_fixed	252B
		_font_ibm_fixed_tiles	262D
		.gmode	2E2D
		.vbl	2E8F
		.lcd	2E9A
		.draw_image	2EA7
		.switch_data	2EB1
		_switch_data	2EE8
		_draw_image	2F03
		.y_table	2F16
		.set_xy_wtt	3036
		.set_xy_btt	3047
		.set_xy_tt	3056
		_set_tiles	3087
		.init_vram	30A0
		.init_wtt	30AE
		.init_btt	30BE
		.init_tt	30CC
AREA _LIT
	RADIX HEX
	BASE 30D2
	SIZE 0000
	ATTRIB REL CON
AREA _GSINIT
	RADIX HEX
	BASE 30D2
	SIZE 23AA
	ATTRIB REL CON
	GLOBALS
		gsinit	30D2
AREA _GSINITTAIL
	RADIX HEX
	BASE 547C
	SIZE 0001
	ATTRIB REL CON
AREA _GSFINAL
	RADIX HEX
	BASE 547D
	SIZE 0000
	ATTRIB REL CON
AREA _DATA
	RADIX HEX
	BASE C0A0
	SIZE 05F8
	ATTRIB REL CON
	GLOBALS
		_mazesprites	C0A0
		_MazeMap1	C0E0
		_MazeMap2	C248
		_MazeMap3	C3B0
		_MazeMap4	C518
		_Snail	C680
		_playerlocation	C690
		_debug	C692
		_haskey	C693
		_gamerunning	C694
		_currentmap	C695
		_currentmapprev	C696
		_i	C697
AREA _BSS
	RADIX HEX
	BASE C698
	SIZE 0087
	ATTRIB REL CON
	GLOBALS
		__cpu	C698
		.mode	C699
		__io_out	C69A
		__io_in	C69B
		__io_status	C69C
		.vbl_done	C69D
		__current_bank	C69E
		_sys_time	C69F
		.sys_time	C69F
		.int_0x40	C6A1
		.int_0x48	C6B1
		.int_0x50	C6C1
		.int_0x58	C6D1
		.int_0x60	C6E1
		font_current	C6F4
		font_first_free_tile	C6F7
		font_table	C6F8
		.curx	C70A
		.cury	C70B
		.fg_colour	C70C
		.bg_colour	C70D
AREA _HEAP
	RADIX HEX
	BASE C71F
	SIZE 0000
	ATTRIB REL CON
	GLOBALS
		_malloc_heap_start	C71F
AREA _OVERLAY
	RADIX HEX
	BASE C71F
	SIZE 0000
	ATTRIB REL CON
AREA _ISEG
	RADIX HEX
	BASE C71F
	SIZE 0000
	ATTRIB REL CON
AREA _BSEG
	RADIX HEX
	BASE C71F
	SIZE 0000
	ATTRIB REL CON
AREA _XSEG
	RADIX HEX
	BASE C71F
	SIZE 0000
	ATTRIB REL CON
AREA _SFR
	RADIX HEX
	BASE 0000
	SIZE 10000
	ATTRIB ABS OVR
	GLOBALS
		_P1_REG	FF00
		_SB_REG	FF01
		_SC_REG	FF02
		_DIV_REG	FF04
		_TIMA_REG	FF05
		_TMA_REG	FF06
		_TAC_REG	FF07
		_IF_REG	FF0F
		_NR10_REG	FF10
		_NR11_REG	FF11
		_NR12_REG	FF12
		_NR13_REG	FF13
		_NR14_REG	FF14
		_NR21_REG	FF16
		_NR22_REG	FF17
		_NR23_REG	FF18
		_NR24_REG	FF19
		_NR30_REG	FF1A
		_NR31_REG	FF1B
		_NR32_REG	FF1C
		_NR33_REG	FF1D
		_NR34_REG	FF1E
		_NR41_REG	FF20
		_NR42_REG	FF21
		_NR43_REG	FF22
		_NR44_REG	FF23
		_NR50_REG	FF24
		_NR51_REG	FF25
		_NR52_REG	FF26
		_LCDC_REG	FF40
		_STAT_REG	FF41
		_SCY_REG	FF42
		_SCX_REG	FF43
		_LY_REG	FF44
		_LYC_REG	FF45
		_DMA_REG	FF46
		_BGP_REG	FF47
		_OBP0_REG	FF48
		_OBP1_REG	FF49
		_WY_REG	FF4A
		_WX_REG	FF4B
		_KEY1_REG	FF4D
		_VBK_REG	FF4F
		_HDMA1_REG	FF51
		_HDMA2_REG	FF52
		_HDMA3_REG	FF53
		_HDMA4_REG	FF54
		_HDMA5_REG	FF55
		_RP_REG	FF56
		_BCPS_REG	FF68
		_BCPD_REG	FF69
		_OCPS_REG	FF6A
		_OCPD_REG	FF6B
		_SVBK_REG	FF70
		_IE_REG	FFFF
MODULES
	FILE c:\gbdk\lib/small/asxxxx/gb/crt0.o
		NAME Runtime
	FILE main.o
		NAME lcc175040
LIBRARIES
	LIBRARY c:\gbdk\lib/small/asxxxx/gb/gb.lib
		MODULE sfr.o
	LIBRARY c:\gbdk\lib/small/asxxxx/gb/gb.lib
		MODULE pad.o
	LIBRARY c:\gbdk\lib/small/asxxxx/gb/gb.lib
		MODULE mv_spr.o
	LIBRARY c:\gbdk\lib/small/asxxxx/gbz80/gbz80.lib
		MODULE mul.o
	LIBRARY c:\gbdk\lib/small/asxxxx/gb/gb.lib
		MODULE set_data.o
	LIBRARY c:\gbdk\lib/small/asxxxx/gb/gb.lib
		MODULE scroll_s.o
	LIBRARY c:\gbdk\lib/small/asxxxx/gb/gb.lib
		MODULE set_spr.o
	LIBRARY c:\gbdk\lib/small/asxxxx/gbz80/gbz80.lib
		MODULE printf.o
	LIBRARY c:\gbdk\lib/small/asxxxx/gbz80/gbz80.lib
		MODULE div.o
	LIBRARY c:\gbdk\lib/small/asxxxx/gb/gb.lib
		MODULE cpy_data.o
	LIBRARY c:\gbdk\lib/small/asxxxx/gb/gb.lib
		MODULE set_bk_t.o
	LIBRARY c:\gbdk\lib/small/asxxxx/gb/gb.lib
		MODULE font.o
	LIBRARY c:\gbdk\lib/small/asxxxx/gb/gb.lib
		MODULE ibmfixed.o
	LIBRARY c:\gbdk\lib/small/asxxxx/gb/gb.lib
		MODULE drawing.o
	LIBRARY c:\gbdk\lib/small/asxxxx/gb/gb.lib
		MODULE set_xy_t.o
	LIBRARY c:\gbdk\lib/small/asxxxx/gb/gb.lib
		MODULE init_tt.o
USERBASEDEF
	_CODE=0x0200
	_DATA=0xC0A0
	_CODE_1=0x4000
USERGLOBALDEF
	.OAM=0xC000
	.STACK=0xE000
	.refresh_OAM=0xFF80
	.init=0x0000
